[flockthemes.com/demo/360-security-systems/index.html]
[backblue.gif]
[fade.gif]
[index.html]
[flockthemes.com/demo/360-security-systems/css/fractionslider.css]
[flockthemes.com/demo/360-security-systems/layout/styles/main.css]
[flockthemes.com/demo/360-security-systems/layout/styles/mediaqueries.css]
[flockthemes.com/demo/360-security-systems/js/jquery-1.9.0.min.js]
[flockthemes.com/demo/360-security-systems/js/jquery.fractionslider.min.js]
[flockthemes.com/demo/360-security-systems/layout/scripts/custom.js]
[flockthemes.com/demo/360-security-systems/carouselengine/amazingcarousel.js]
[flockthemes.com/demo/360-security-systems/carouselengine/initcarousel-1.css]
[flockthemes.com/demo/360-security-systems/carouselengine/initcarousel-1.js]
[flockthemes.com/demo/360-security-systems/carouselengine/initcarousel-2.css]
[flockthemes.com/demo/360-security-systems/carouselengine/initcarousel-2.js]
[flockthemes.com/demo/360-security-systems/images/logo.jpg]
[flockthemes.com/demo/360-security-systems/about.html]
[flockthemes.com/demo/360-security-systems/cctv_cameras.html]
[flockthemes.com/demo/360-security-systems/ip_cameras.html]
[flockthemes.com/demo/360-security-systems/speed_dome_cameras.html]
[code.jquery.com/ui/1.10.1/jquery-ui.min.js]
[flockthemes.com/demo/360-security-systems/digital_video_recorders.html]
[flockthemes.com/demo/360-security-systems/network_video_recorders.html]
[flockthemes.com/demo/360-security-systems/video_door_phones.html]
[flockthemes.com/demo/360-security-systems/intrusion_alarm_systems.html]
[flockthemes.com/demo/360-security-systems/fire_alarm_systems.html]
[flockthemes.com/demo/360-security-systems/time_attendance_systems.html]
[flockthemes.com/demo/360-security-systems/access_control_systems.html]
[flockthemes.com/demo/360-security-systems/home_automation.html]
[flockthemes.com/demo/360-security-systems/office_automation.html]
[flockthemes.com/demo/360-security-systems/pa_systems.html]
[flockthemes.com/demo/360-security-systems/enquiry.html]
[flockthemes.com/demo/360-security-systems/contact.html]
[flockthemes.com/demo/360-security-systems/images/slider1-1.gif]
[flockthemes.com/demo/360-security-systems/images/slider1-2.png]
[flockthemes.com/demo/360-security-systems/images/slider1-3.png]
[flockthemes.com/demo/360-security-systems/images/slider1-4.png]
[flockthemes.com/demo/360-security-systems/images/slider1-5.png]
[flockthemes.com/demo/360-security-systems/images/slider2-1.jpg]
[flockthemes.com/demo/360-security-systems/images/slider2-2.png]
[flockthemes.com/demo/360-security-systems/images/slider2-4.png]
[flockthemes.com/demo/360-security-systems/images/slider2-3.png]
[flockthemes.com/demo/360-security-systems/images/slider2-5.png]
[flockthemes.com/demo/360-security-systems/images/slider2-6.png]
[flockthemes.com/demo/360-security-systems/images/img01.jpg]
[flockthemes.com/demo/360-security-systems/images/img02.jpg]
[flockthemes.com/demo/360-security-systems/images/img03.jpg]
[flockthemes.com/demo/360-security-systems/images/img04.jpg]
[flockthemes.com/demo/360-security-systems/images/mlogo.jpg]
[flockthemes.com/demo/360-security-systems/images/b1.jpg]
[flockthemes.com/demo/360-security-systems/images/b2.jpg]
[flockthemes.com/demo/360-security-systems/images/b3.jpg]
[flockthemes.com/demo/360-security-systems/images/b4.jpg]
[flockthemes.com/demo/360-security-systems/images/b5.jpg]
[flockthemes.com/demo/360-security-systems/images/b6.jpg]
[flockthemes.com/demo/360-security-systems/images/p1.jpg]
[flockthemes.com/demo/360-security-systems/images/p2.jpg]
[flockthemes.com/demo/360-security-systems/images/p3.jpg]
[flockthemes.com/demo/360-security-systems/images/p4.jpg]
[flockthemes.com/demo/360-security-systems/images/company.jpg]
[flockthemes.com/demo/360-security-systems/images/map.jpg]
[flockthemes.com/demo/360-security-systems/map.html]
[flockthemes.com/demo/360-security-systems/index.html]
[flockthemes.com/demo/360-security-systems/images/slider-bg.jpg]
[flockthemes.com/demo/360-security-systems/css/images/fs.spinner.gif]
[flockthemes.com/demo/360-security-systems/css/images/fs.prevnext.png]
[flockthemes.com/demo/360-security-systems/css/images/fs.pager.png]
[flockthemes.com/demo/360-security-systems/css/fractionslider.css]
[flockthemes.com/demo/360-security-systems/layout/styles/layout.css]
[flockthemes.com/demo/360-security-systems/layout/styles/pages.css]
[flockthemes.com/demo/360-security-systems/layout/styles/elements.css]
[flockthemes.com/demo/360-security-systems/layout/styles/framework.css]
[flockthemes.com/demo/360-security-systems/layout/styles/fonts/caviardreams/stylesheet.css]
[flockthemes.com/demo/360-security-systems/layout/styles/fonts/font-awesome/font-awesome.min.css]
[flockthemes.com/demo/360-security-systems/layout/styles/custom.css]
[flockthemes.com/demo/360-security-systems/layout/styles/demo-only.css]
[flockthemes.com/demo/360-security-systems/layout/styles/main.css]
[flockthemes.com/demo/360-security-systems/layout/styles/mediaqueries.css]
[flockthemes.com/demo/360-security-systems/js/jquery-1.9.0.min.js]
[flockthemes.com/demo/360-security-systems/js/jquery.fractionslider.min.js]
[flockthemes.com/demo/360-security-systems/layout/scripts/custom.js]
[flockthemes.com/demo/360-security-systems/carouselengine/amazingcarousel.js]
[flockthemes.com/demo/360-security-systems/carouselengine/initcarousel-1.css]
[flockthemes.com/demo/360-security-systems/carouselengine/initcarousel-1.js]
[flockthemes.com/demo/360-security-systems/carouselengine/initcarousel-2.css]
[flockthemes.com/demo/360-security-systems/carouselengine/initcarousel-2.js]
[flockthemes.com/demo/360-security-systems/about.html]
[flockthemes.com/demo/360-security-systems/js/jquery.lazy.min.js]
[flockthemes.com/demo/360-security-systems/css/shadowbox.css]
[flockthemes.com/demo/360-security-systems/js/shadowbox.js]
[flockthemes.com/demo/360-security-systems/images/cctv/1.jpg]
[flockthemes.com/demo/360-security-systems/js/jquery.js]
[flockthemes.com/demo/360-security-systems/images/loading.gif]
[flockthemes.com/demo/360-security-systems/enquiry1ff0.html]
[flockthemes.com/demo/360-security-systems/images/cctv/2.jpg]
[flockthemes.com/demo/360-security-systems/enquirya065.html]
[flockthemes.com/demo/360-security-systems/images/cctv/3.jpg]
[flockthemes.com/demo/360-security-systems/enquiryef45.html]
[flockthemes.com/demo/360-security-systems/images/cctv/4.jpg]
[flockthemes.com/demo/360-security-systems/enquirya30e.html]
[flockthemes.com/demo/360-security-systems/images/cctv/5.jpg]
[flockthemes.com/demo/360-security-systems/enquiry5c05.html]
[flockthemes.com/demo/360-security-systems/images/cctv/6.jpg]
[flockthemes.com/demo/360-security-systems/enquiry944b.html]
[flockthemes.com/demo/360-security-systems/images/cctv/7.jpg]
[flockthemes.com/demo/360-security-systems/enquiry639b.html]
[flockthemes.com/demo/360-security-systems/images/cctv/8.jpg]
[flockthemes.com/demo/360-security-systems/enquiryd88d.html]
[flockthemes.com/demo/360-security-systems/images/cctv/9.jpg]
[flockthemes.com/demo/360-security-systems/enquirybafd.html]
[flockthemes.com/demo/360-security-systems/images/cctv/10.jpg]
[flockthemes.com/demo/360-security-systems/enquiry4939.html]
[flockthemes.com/demo/360-security-systems/cctv_cameras.html]
[flockthemes.com/demo/360-security-systems/images/ip/1.jpg]
[flockthemes.com/demo/360-security-systems/enquiry2282.html]
[flockthemes.com/demo/360-security-systems/images/ip/2.jpg]
[flockthemes.com/demo/360-security-systems/enquiry08cd.html]
[flockthemes.com/demo/360-security-systems/images/ip/3.jpg]
[flockthemes.com/demo/360-security-systems/enquiryd0c9.html]
[flockthemes.com/demo/360-security-systems/images/ip/4.jpg]
[flockthemes.com/demo/360-security-systems/enquiryaf60.html]
[flockthemes.com/demo/360-security-systems/ip_cameras.html]
[flockthemes.com/demo/360-security-systems/images/sdc/1.jpg]
[flockthemes.com/demo/360-security-systems/enquiry31a0.html]
[flockthemes.com/demo/360-security-systems/images/sdc/2.jpg]
[flockthemes.com/demo/360-security-systems/enquiryeaf9.html]
[flockthemes.com/demo/360-security-systems/images/sdc/3.jpg]
[flockthemes.com/demo/360-security-systems/enquiry95ef.html]
[flockthemes.com/demo/360-security-systems/images/sdc/4.jpg]
[flockthemes.com/demo/360-security-systems/enquiry4665.html]
[flockthemes.com/demo/360-security-systems/speed_dome_cameras.html]
[flockthemes.com/demo/360-security-systems/images/dvr/1.jpg]
[flockthemes.com/demo/360-security-systems/enquiryb579.html]
[flockthemes.com/demo/360-security-systems/images/dvr/2.jpg]
[flockthemes.com/demo/360-security-systems/enquiryf6f2.html]
[flockthemes.com/demo/360-security-systems/images/dvr/3.jpg]
[flockthemes.com/demo/360-security-systems/enquiry5087.html]
[flockthemes.com/demo/360-security-systems/images/dvr/4.jpg]
[flockthemes.com/demo/360-security-systems/digital_video_recorders.html]
[flockthemes.com/demo/360-security-systems/images/nvr/1.jpg]
[flockthemes.com/demo/360-security-systems/enquiryb06e.html]
[flockthemes.com/demo/360-security-systems/images/nvr/2.jpg]
[flockthemes.com/demo/360-security-systems/enquiryf505.html]
[flockthemes.com/demo/360-security-systems/images/nvr/3.jpg]
[flockthemes.com/demo/360-security-systems/enquirye4df.html]
[flockthemes.com/demo/360-security-systems/images/nvr/4.jpg]
[flockthemes.com/demo/360-security-systems/enquiry1a14.html]
[flockthemes.com/demo/360-security-systems/network_video_recorders.html]
[flockthemes.com/demo/360-security-systems/images/vdp/1.jpg]
[flockthemes.com/demo/360-security-systems/enquiry969b.html]
[flockthemes.com/demo/360-security-systems/images/vdp/2.jpg]
[flockthemes.com/demo/360-security-systems/enquiry513f.html]
[flockthemes.com/demo/360-security-systems/video_door_phones.html]
[flockthemes.com/demo/360-security-systems/enquiryb321.html]
[flockthemes.com/demo/360-security-systems/images/ias/2.jpg]
[flockthemes.com/demo/360-security-systems/enquiry9bf7.html]
[flockthemes.com/demo/360-security-systems/images/ias/3.jpg]
[flockthemes.com/demo/360-security-systems/enquiryb257.html]
[flockthemes.com/demo/360-security-systems/intrusion_alarm_systems.html]
[flockthemes.com/demo/360-security-systems/images/fas/1.jpg]
[flockthemes.com/demo/360-security-systems/enquiryc921.html]
[flockthemes.com/demo/360-security-systems/images/fas/2.jpg]
[flockthemes.com/demo/360-security-systems/enquiry73aa.html]
[flockthemes.com/demo/360-security-systems/images/fas/3.jpg]
[flockthemes.com/demo/360-security-systems/enquiryaea0.html]
[flockthemes.com/demo/360-security-systems/images/fas/4.jpg]
[flockthemes.com/demo/360-security-systems/enquiry0e2b.html]
[flockthemes.com/demo/360-security-systems/fire_alarm_systems.html]
[flockthemes.com/demo/360-security-systems/images/asc/1.jpg]
[flockthemes.com/demo/360-security-systems/enquiryd0a2.html]
[flockthemes.com/demo/360-security-systems/images/asc/2.jpg]
[flockthemes.com/demo/360-security-systems/enquiry5d69.html]
[flockthemes.com/demo/360-security-systems/images/asc/3.jpg]
[flockthemes.com/demo/360-security-systems/enquiryb90c.html]
[flockthemes.com/demo/360-security-systems/images/asc/4.jpg]
[flockthemes.com/demo/360-security-systems/enquiry4e3b.html]
[flockthemes.com/demo/360-security-systems/images/asc/5.jpg]
[flockthemes.com/demo/360-security-systems/enquiry714c.html]
[flockthemes.com/demo/360-security-systems/time_attendance_systems.html]
[flockthemes.com/demo/360-security-systems/access_control_systems.html]
[flockthemes.com/demo/360-security-systems/images/ha/7.jpg]
[flockthemes.com/demo/360-security-systems/home_automation.html]
[flockthemes.com/demo/360-security-systems/images/oa/1.jpg]
[flockthemes.com/demo/360-security-systems/images/oa/2.jpg]
[flockthemes.com/demo/360-security-systems/images/oa/3.jpg]
[flockthemes.com/demo/360-security-systems/images/oa/4.jpg]
[flockthemes.com/demo/360-security-systems/images/oa/5.jpg]
[flockthemes.com/demo/360-security-systems/images/oa/6.jpg]
[flockthemes.com/demo/360-security-systems/office_automation.html]
[flockthemes.com/demo/360-security-systems/images/pa/1.jpg]
[flockthemes.com/demo/360-security-systems/enquirye2a2.html]
[flockthemes.com/demo/360-security-systems/images/pa/2.jpg]
[flockthemes.com/demo/360-security-systems/enquiry4f36.html]
[flockthemes.com/demo/360-security-systems/images/pa/3.jpg]
[flockthemes.com/demo/360-security-systems/enquiry7740.html]
[flockthemes.com/demo/360-security-systems/pa_systems.html]
[flockthemes.com/demo/360-security-systems/enquiry.html]
[flockthemes.com/demo/360-security-systems/contact.html]
[flockthemes.com/demo/360-security-systems/map.html]
[flockthemes.com/demo/360-security-systems/layout/styles/images/dropdown_side.gif]
[flockthemes.com/demo/360-security-systems/layout/styles/images/orange_file.gif]
[flockthemes.com/demo/360-security-systems/layout/styles/images/black_file.gif]
[flockthemes.com/demo/360-security-systems/layout/styles/layout.css]
[flockthemes.com/demo/360-security-systems/layout/styles/pages.css]
[flockthemes.com/demo/360-security-systems/layout/styles/images/icons/gemicon/tick-16x16.png]
[flockthemes.com/demo/360-security-systems/layout/styles/images/icons/gemicon/arrow-16x16.png]
[flockthemes.com/demo/360-security-systems/layout/styles/images/icons/gemicon/plus-16x16.png]
[flockthemes.com/demo/360-security-systems/layout/styles/images/icons/gemicon/minus-16x16.png]
[flockthemes.com/demo/360-security-systems/layout/styles/elements.css]
[flockthemes.com/demo/360-security-systems/layout/styles/framework.css]
[flockthemes.com/demo/360-security-systems/layout/styles/fonts/caviardreams/CaviarDreams_Italic-webfont.eot]
[flockthemes.com/demo/360-security-systems/layout/styles/fonts/caviardreams/CaviarDreams_Italic-webfont.svg]
[flockthemes.com/demo/360-security-systems/layout/styles/fonts/caviardreams/CaviarDreams_Italic-webfontd41d.eot]
[flockthemes.com/demo/360-security-systems/layout/styles/fonts/caviardreams/CaviarDreams_BoldItalic-webfont.svg]
[flockthemes.com/demo/360-security-systems/layout/styles/fonts/caviardreams/CaviarDreams_Italic-webfont.ttf]
[flockthemes.com/demo/360-security-systems/layout/styles/fonts/caviardreams/CaviarDreams_BoldItalic-webfont.eot]
[flockthemes.com/demo/360-security-systems/layout/styles/fonts/caviardreams/CaviarDreams_BoldItalic-webfont.ttf]
[flockthemes.com/demo/360-security-systems/layout/styles/fonts/caviardreams/CaviarDreams-webfont.svg]
[flockthemes.com/demo/360-security-systems/layout/styles/fonts/caviardreams/CaviarDreams_BoldItalic-webfontd41d.eot]
[flockthemes.com/demo/360-security-systems/layout/styles/fonts/caviardreams/CaviarDreams-webfont.eot]
[flockthemes.com/demo/360-security-systems/layout/styles/fonts/caviardreams/CaviarDreams-webfont.ttf]
[flockthemes.com/demo/360-security-systems/layout/styles/fonts/caviardreams/CaviarDreams-webfontd41d.eot]
[flockthemes.com/demo/360-security-systems/layout/styles/fonts/caviardreams/Caviar_Dreams_Bold-webfont.svg]
[flockthemes.com/demo/360-security-systems/layout/styles/fonts/caviardreams/stylesheet.css]
[flockthemes.com/demo/360-security-systems/layout/styles/fonts/caviardreams/Caviar_Dreams_Bold-webfont.eot]
[flockthemes.com/demo/360-security-systems/layout/styles/fonts/caviardreams/Caviar_Dreams_Bold-webfont.ttf]
[flockthemes.com/demo/360-security-systems/layout/styles/fonts/caviardreams/Caviar_Dreams_Bold-webfontd41d.eot]
[flockthemes.com/demo/360-security-systems/layout/styles/fonts/font-awesome/font/fontawesome-webfont3294.eot]
[flockthemes.com/demo/360-security-systems/layout/styles/fonts/font-awesome/font/fontawesome-webfontd41d.eot]
[flockthemes.com/demo/360-security-systems/layout/styles/fonts/font-awesome/font-awesome.min.css]
[flockthemes.com/demo/360-security-systems/images/ajax-loader.gif]
[flockthemes.com/demo/360-security-systems/images/sub-banner.jpg]
[flockthemes.com/demo/360-security-systems/layout/styles/fonts/font-awesome/font/fontawesome-webfont3294.woff]
[flockthemes.com/demo/360-security-systems/images/icon-play-button.png]
[flockthemes.com/demo/360-security-systems/images/widget.jpg]
[flockthemes.com/demo/360-security-systems/layout/styles/fonts/font-awesome/font/fontawesome-webfont3294.ttf]
[flockthemes.com/demo/360-security-systems/images/widgeth.jpg]
[flockthemes.com/demo/360-security-systems/layout/styles/custom.css]
[flockthemes.com/demo/360-security-systems/layout/styles/demo-only.css]
[flockthemes.com/demo/360-security-systems/js/jquery.js]
[flockthemes.com/demo/360-security-systems/js/jquery.lazy.min.js]
[flockthemes.com/demo/360-security-systems/css/loading.gif]
[flockthemes.com/demo/360-security-systems/css/close.png]
[flockthemes.com/demo/360-security-systems/css/next.png]
[flockthemes.com/demo/360-security-systems/css/previous.png]
[flockthemes.com/demo/360-security-systems/css/play.png]
[flockthemes.com/demo/360-security-systems/css/pause.png]
[flockthemes.com/demo/360-security-systems/css/shadowbox.css]
[flockthemes.com/demo/360-security-systems/js/shadowbox.js]
[flockthemes.com/demo/360-security-systems/enquiry1ff0.html]
[flockthemes.com/demo/360-security-systems/enquirya065.html]
[flockthemes.com/demo/360-security-systems/enquiryef45.html]
[flockthemes.com/demo/360-security-systems/enquirya30e.html]
[flockthemes.com/demo/360-security-systems/enquiry5c05.html]
[flockthemes.com/demo/360-security-systems/enquiry944b.html]
[flockthemes.com/demo/360-security-systems/enquiry639b.html]
[flockthemes.com/demo/360-security-systems/enquiryd88d.html]
[flockthemes.com/demo/360-security-systems/enquirybafd.html]
[flockthemes.com/demo/360-security-systems/enquiry4939.html]
[flockthemes.com/demo/360-security-systems/enquiry2282.html]
[flockthemes.com/demo/360-security-systems/enquiry08cd.html]
[flockthemes.com/demo/360-security-systems/enquiryd0c9.html]
[flockthemes.com/demo/360-security-systems/enquiryaf60.html]
[flockthemes.com/demo/360-security-systems/enquiry31a0.html]
[flockthemes.com/demo/360-security-systems/enquiryeaf9.html]
[flockthemes.com/demo/360-security-systems/enquiry95ef.html]
[flockthemes.com/demo/360-security-systems/enquiry4665.html]
[flockthemes.com/demo/360-security-systems/enquiryb579.html]
[flockthemes.com/demo/360-security-systems/enquiryf6f2.html]
[flockthemes.com/demo/360-security-systems/enquiry5087.html]
[flockthemes.com/demo/360-security-systems/enquiryb06e.html]
[flockthemes.com/demo/360-security-systems/enquiryf505.html]
[flockthemes.com/demo/360-security-systems/enquirye4df.html]
[flockthemes.com/demo/360-security-systems/enquiry1a14.html]
[flockthemes.com/demo/360-security-systems/enquiry969b.html]
[flockthemes.com/demo/360-security-systems/enquiry513f.html]
[flockthemes.com/demo/360-security-systems/enquiryb321.html]
[flockthemes.com/demo/360-security-systems/enquiry9bf7.html]
[flockthemes.com/demo/360-security-systems/enquiryb257.html]
[flockthemes.com/demo/360-security-systems/enquiryc921.html]
[flockthemes.com/demo/360-security-systems/enquiry73aa.html]
[flockthemes.com/demo/360-security-systems/enquiryaea0.html]
[flockthemes.com/demo/360-security-systems/enquiry0e2b.html]
[flockthemes.com/demo/360-security-systems/enquiryd0a2.html]
[flockthemes.com/demo/360-security-systems/enquiry5d69.html]
[flockthemes.com/demo/360-security-systems/enquiryb90c.html]
[flockthemes.com/demo/360-security-systems/enquiry4e3b.html]
[flockthemes.com/demo/360-security-systems/enquiry714c.html]
[flockthemes.com/demo/360-security-systems/applewebkit/index.html]
[flockthemes.com/demo/360-security-systems/enquirye2a2.html]
[flockthemes.com/demo/360-security-systems/enquiry4f36.html]
[flockthemes.com/demo/360-security-systems/enquiry7740.html]
[flockthemes.com/demo/360-security-systems/layout/styles/fonts/caviardreams/CaviarDreams_Italic-webfont.svg]
[flockthemes.com/demo/360-security-systems/layout/styles/fonts/caviardreams/CaviarDreams_BoldItalic-webfont.svg]
[flockthemes.com/demo/360-security-systems/layout/styles/fonts/caviardreams/CaviarDreams-webfont.svg]
[flockthemes.com/demo/360-security-systems/layout/styles/fonts/caviardreams/Caviar_Dreams_Bold-webfont.svg]
[flockthemes.com/demo/360-security-systems/applewebkit/index.html]
